source-document02687.txt
source-document02068.txt
source-document05278.txt
source-document03351.txt
source-document04343.txt