source-document04735.txt
source-document03512.txt
source-document06014.txt
source-document05120.txt