source-document02045.txt
source-document06009.txt
source-document00072.txt