source-document05408.txt
source-document01434.txt
source-document01924.txt