source-document06027.txt
source-document01276.txt
source-document01751.txt