source-document01372.txt
source-document03641.txt
source-document05179.txt