source-document02422.txt
source-document00744.txt
source-document00932.txt
source-document03025.txt