source-document06338.txt
source-document02495.txt
source-document03261.txt