source-document06922.txt
source-document03155.txt
source-document01079.txt