source-document01086.txt
source-document04873.txt
source-document00228.txt