source-document01077.txt
source-document00118.txt
source-document00846.txt