source-document04820.txt
source-document03530.txt
source-document06115.txt