source-document01382.txt
source-document02787.txt
source-document05922.txt