source-document06171.txt
source-document06773.txt
source-document02620.txt
source-document05421.txt