source-document01116.txt
source-document05639.txt
source-document06686.txt
source-document05376.txt
source-document06014.txt
source-document00327.txt