source-document00777.txt
source-document04127.txt
source-document02744.txt