source-document07037.txt
source-document01354.txt
source-document05540.txt
source-document02347.txt