source-document05046.txt
source-document00242.txt
source-document06025.txt