source-document05599.txt
source-document00860.txt
source-document01418.txt
source-document02454.txt
source-document02307.txt