source-document04536.txt
source-document05712.txt
source-document05813.txt
source-document05389.txt
source-document01548.txt
source-document02227.txt
source-document02169.txt