source-document05808.txt
source-document03385.txt
source-document05650.txt